[debug] [2026-08-17T23:23:26.245Z] ----------------------------------------------------------------------
[debug] [2026-08-17T23:23:26.254Z] Command:       C:\Program Files\nodejs\node.exe C:\Users\HP\AppData\Roaming\npm\node_modules\firebase-tools\lib\bin\firebase.js deploy --only functions
[debug] [2026-08-17T23:23:26.255Z] CLI Version:   15.27.0
[debug] [2026-08-17T23:23:26.255Z] Platform:      win32
[debug] [2026-08-17T23:23:26.255Z] Node Version:  v24.19.0
[debug] [2026-08-17T23:23:26.255Z] Detected Agent: unknown
[debug] [2026-08-17T23:23:26.255Z] Time:          Tue Aug 18 2026 11:23:26 GMT+1200 (New Zealand Standard Time)
[debug] [2026-08-17T23:23:26.255Z] ----------------------------------------------------------------------
[debug] 
[debug] [2026-08-17T23:23:27.789Z] > command requires scopes: ["email","openid","https://www.googleapis.com/auth/cloudplatformprojects.readonly","https://www.googleapis.com/auth/firebase","https://www.googleapis.com/auth/cloud-platform"]
[debug] [2026-08-17T23:23:27.789Z] > authorizing via signed-in user (challengenaylorstreet@gmail.com)
[debug] [2026-08-17T23:23:27.789Z] [iam] checking project alpha-7fce5 for permissions ["cloudfunctions.functions.create","cloudfunctions.functions.delete","cloudfunctions.functions.get","cloudfunctions.functions.list","cloudfunctions.functions.update","cloudfunctions.operations.get","firebase.projects.get"]
[debug] [2026-08-17T23:23:27.811Z] Checked if tokens are valid: false, expires at: 1787006422052
[debug] [2026-08-17T23:23:27.811Z] Checked if tokens are valid: false, expires at: 1787006422052
[debug] [2026-08-17T23:23:27.811Z] > refreshing access token with scopes: []
[debug] [2026-08-17T23:23:27.815Z] >>> [apiv2][query] POST https://www.googleapis.com/oauth2/v3/token [none]
[debug] [2026-08-17T23:23:27.815Z] >>> [apiv2][body] POST https://www.googleapis.com/oauth2/v3/token [omitted]
[debug] [2026-08-17T23:23:28.221Z] <<< [apiv2][status] POST https://www.googleapis.com/oauth2/v3/token 200
[debug] [2026-08-17T23:23:28.221Z] <<< [apiv2][body] POST https://www.googleapis.com/oauth2/v3/token [omitted]
[debug] [2026-08-17T23:23:28.229Z] >>> [apiv2][query] POST https://cloudresourcemanager.googleapis.com/v1/projects/alpha-7fce5:testIamPermissions [none]
[debug] [2026-08-17T23:23:28.229Z] >>> [apiv2][(partial)header] POST https://cloudresourcemanager.googleapis.com/v1/projects/alpha-7fce5:testIamPermissions  x-goog-user-project=alpha-7fce5
[debug] [2026-08-17T23:23:28.229Z] >>> [apiv2][body] POST https://cloudresourcemanager.googleapis.com/v1/projects/alpha-7fce5:testIamPermissions {"permissions":["cloudfunctions.functions.create","cloudfunctions.functions.delete","cloudfunctions.functions.get","cloudfunctions.functions.list","cloudfunctions.functions.update","cloudfunctions.operations.get","firebase.projects.get"]}
[debug] [2026-08-17T23:23:28.692Z] <<< [apiv2][status] POST https://cloudresourcemanager.googleapis.com/v1/projects/alpha-7fce5:testIamPermissions 200
[debug] [2026-08-17T23:23:28.692Z] <<< [apiv2][body] POST https://cloudresourcemanager.googleapis.com/v1/projects/alpha-7fce5:testIamPermissions {"permissions":["cloudfunctions.functions.create","cloudfunctions.functions.delete","cloudfunctions.functions.get","cloudfunctions.functions.list","cloudfunctions.functions.update","cloudfunctions.operations.get","firebase.projects.get"]}
[debug] [2026-08-17T23:23:28.693Z] Checked if tokens are valid: true, expires at: 1787012607221
[debug] [2026-08-17T23:23:28.693Z] Checked if tokens are valid: true, expires at: 1787012607221
[debug] [2026-08-17T23:23:28.693Z] >>> [apiv2][query] POST https://iam.googleapis.com/v1/projects/alpha-7fce5/serviceAccounts/alpha-7fce5@appspot.gserviceaccount.com:testIamPermissions [none]
[debug] [2026-08-17T23:23:28.693Z] >>> [apiv2][body] POST https://iam.googleapis.com/v1/projects/alpha-7fce5/serviceAccounts/alpha-7fce5@appspot.gserviceaccount.com:testIamPermissions {"permissions":["iam.serviceAccounts.actAs"]}
[debug] [2026-08-17T23:23:29.193Z] <<< [apiv2][status] POST https://iam.googleapis.com/v1/projects/alpha-7fce5/serviceAccounts/alpha-7fce5@appspot.gserviceaccount.com:testIamPermissions 200
[debug] [2026-08-17T23:23:29.193Z] <<< [apiv2][body] POST https://iam.googleapis.com/v1/projects/alpha-7fce5/serviceAccounts/alpha-7fce5@appspot.gserviceaccount.com:testIamPermissions {"permissions":["iam.serviceAccounts.actAs"]}
[info] 
[info] === Deploying to 'alpha-7fce5'...
[info] 
[info] i  deploying functions 
[debug] [2026-08-17T23:23:29.197Z] Checked if tokens are valid: true, expires at: 1787012607221
[debug] [2026-08-17T23:23:29.197Z] Checked if tokens are valid: true, expires at: 1787012607221
[debug] [2026-08-17T23:23:29.197Z] >>> [apiv2][query] GET https://cloudresourcemanager.googleapis.com/v1/projects/alpha-7fce5 [none]
[debug] [2026-08-17T23:23:29.817Z] <<< [apiv2][status] GET https://cloudresourcemanager.googleapis.com/v1/projects/alpha-7fce5 200
[debug] [2026-08-17T23:23:29.817Z] <<< [apiv2][body] GET https://cloudresourcemanager.googleapis.com/v1/projects/alpha-7fce5 {"projectNumber":"10647816245","projectId":"alpha-7fce5","lifecycleState":"ACTIVE","name":"ALPHA","labels":{"firebase":"enabled","firebase-core":"disabled"},"createTime":"2026-08-11T00:16:08.447Z"}
[info] i  functions: preparing codebase default for deployment 
[info] i  functions: ensuring required API cloudfunctions.googleapis.com is enabled... 
[info] i  functions: ensuring required API cloudbuild.googleapis.com is enabled... 
[info] i  artifactregistry: ensuring required API artifactregistry.googleapis.com is enabled... 
[debug] [2026-08-17T23:23:29.819Z] Checked if tokens are valid: true, expires at: 1787012607221
[debug] [2026-08-17T23:23:29.819Z] Checked if tokens are valid: true, expires at: 1787012607221
[debug] [2026-08-17T23:23:29.819Z] >>> [apiv2][query] GET https://firebase.googleapis.com/v1beta1/projects/alpha-7fce5/adminSdkConfig [none]
[debug] [2026-08-17T23:23:30.472Z] <<< [apiv2][status] GET https://firebase.googleapis.com/v1beta1/projects/alpha-7fce5/adminSdkConfig 200
[debug] [2026-08-17T23:23:30.472Z] <<< [apiv2][body] GET https://firebase.googleapis.com/v1beta1/projects/alpha-7fce5/adminSdkConfig {"projectId":"alpha-7fce5","storageBucket":"alpha-7fce5.firebasestorage.app"}
[debug] [2026-08-17T23:23:30.473Z] Checked if tokens are valid: true, expires at: 1787012607221
[debug] [2026-08-17T23:23:30.473Z] Checked if tokens are valid: true, expires at: 1787012607221
[debug] [2026-08-17T23:23:30.473Z] >>> [apiv2][query] GET https://runtimeconfig.googleapis.com/v1beta1/projects/alpha-7fce5/configs [none]
[debug] [2026-08-17T23:23:31.989Z] <<< [apiv2][status] GET https://runtimeconfig.googleapis.com/v1beta1/projects/alpha-7fce5/configs 200
[debug] [2026-08-17T23:23:31.989Z] <<< [apiv2][body] GET https://runtimeconfig.googleapis.com/v1beta1/projects/alpha-7fce5/configs {}
[debug] [2026-08-17T23:23:31.991Z] Validating nodejs source
[debug] [2026-08-17T23:23:32.834Z] > [functions] package.json contents: {
  "name": "functions",
  "description": "Cloud Functions for Firebase",
  "scripts": {
    "serve": "firebase emulators:start --only functions",
    "shell": "firebase functions:shell",
    "start": "npm run shell",
    "deploy": "firebase deploy --only functions",
    "logs": "firebase functions:log"
  },
  "engines": {
    "node": "24"
  },
  "main": "index.js",
  "dependencies": {
    "cheerio": "^1.2.0",
    "firebase-admin": "^13.6.0",
    "firebase-functions": "^7.0.0",
    "pdfjs-dist": "^6.2.108"
  },
  "devDependencies": {
    "firebase-functions-test": "^3.4.1"
  },
  "private": true
}
[debug] [2026-08-17T23:23:32.834Z] Building nodejs source
[info] i  functions: Loading and analyzing source code for codebase default to determine what to deploy 
[debug] [2026-08-17T23:23:32.836Z] Could not find functions.yaml. Must use http discovery
[debug] [2026-08-17T23:23:32.846Z] Found firebase-functions binary at 'C:\Users\HP\Documents\GitHub\challenge-naylor-workspace\functions\node_modules\.bin\firebase-functions'
[info] Serving at port 8824

[debug] [2026-08-17T23:23:33.612Z] Got response from /__/functions.yaml {"endpoints":{"tgpDailyAutomation":{"availableMemoryMb":null,"timeoutSeconds":null,"minInstances":null,"maxInstances":null,"ingressSettings":null,"concurrency":null,"serviceAccountEmail":null,"vpc":null,"platform":"gcfv2","region":["australia-southeast1"],"labels":{},"scheduleTrigger":{"schedule":"0 6 * * *","retryConfig":{},"timeZone":"Pacific/Auckland"},"entryPoint":"tgpDailyAutomation"},"tgpManualRun":{"availableMemoryMb":null,"timeoutSeconds":null,"minInstances":null,"maxInstances":null,"ingressSettings":null,"concurrency":null,"serviceAccountEmail":null,"vpc":null,"platform":"gcfv2","region":["australia-southeast1"],"secretEnvironmentVariables":[{"key":"TGP_MANUAL_KEY"}],"labels":{},"httpsTrigger":{},"entryPoint":"tgpManualRun"}},"specVersion":"v1alpha1","requiredAPIs":[{"api":"cloudscheduler.googleapis.com","reason":"Needed for scheduled functions."}],"extensions":{},"params":[{"type":"secret","name":"TGP_MANUAL_KEY"}]}
[debug] [2026-08-17T23:23:36.653Z] Checked if tokens are valid: true, expires at: 1787012607221
[debug] [2026-08-17T23:23:36.653Z] Checked if tokens are valid: true, expires at: 1787012607221
[debug] [2026-08-17T23:23:36.653Z] >>> [apiv2][query] GET https://cloudfunctions.googleapis.com/v1/projects/alpha-7fce5/locations/-/functions [none]
[debug] [2026-08-17T23:23:37.829Z] <<< [apiv2][status] GET https://cloudfunctions.googleapis.com/v1/projects/alpha-7fce5/locations/-/functions 200
[debug] [2026-08-17T23:23:37.830Z] <<< [apiv2][body] GET https://cloudfunctions.googleapis.com/v1/projects/alpha-7fce5/locations/-/functions {}
[debug] [2026-08-17T23:23:37.830Z] Checked if tokens are valid: true, expires at: 1787012607221
[debug] [2026-08-17T23:23:37.830Z] Checked if tokens are valid: true, expires at: 1787012607221
[debug] [2026-08-17T23:23:37.837Z] >>> [apiv2][query] GET https://cloudfunctions.googleapis.com/v2/projects/alpha-7fce5/locations/-/functions filter=environment%3D%22GEN_2%22
[debug] [2026-08-17T23:23:39.690Z] <<< [apiv2][status] GET https://cloudfunctions.googleapis.com/v2/projects/alpha-7fce5/locations/-/functions 200
[debug] [2026-08-17T23:23:39.690Z] <<< [apiv2][body] GET https://cloudfunctions.googleapis.com/v2/projects/alpha-7fce5/locations/-/functions {"functions":[{"name":"projects/alpha-7fce5/locations/australia-southeast1/functions/tgpManualRun","buildConfig":{"build":"projects/10647816245/locations/australia-southeast1/builds/12f89ce0-be03-4d41-aeb9-abc7821efe8e","runtime":"nodejs24","entryPoint":"tgpManualRun","source":{"storageSource":{"bucket":"gcf-v2-sources-10647816245-australia-southeast1","object":"tgpManualRun/function-source.zip","generation":"1787002822558375"}},"environmentVariables":{"GOOGLE_NODE_RUN_SCRIPTS":""},"dockerRepository":"projects/alpha-7fce5/locations/australia-southeast1/repositories/gcf-artifacts","sourceProvenance":{"resolvedStorageSource":{"bucket":"gcf-v2-sources-10647816245-australia-southeast1","object":"tgpManualRun/function-source.zip","generation":"1787002822558375"}},"dockerRegistry":"ARTIFACT_REGISTRY","serviceAccount":"projects/alpha-7fce5/serviceAccounts/10647816245-compute@developer.gserviceaccount.com","automaticUpdatePolicy":{}},"serviceConfig":{"service":"projects/alpha-7fce5/locations/australia-southeast1/services/tgpmanualrun","timeoutSeconds":60,"environmentVariables":{"FIREBASE_CONFIG":"{\"projectId\":\"alpha-7fce5\",\"storageBucket\":\"alpha-7fce5.firebasestorage.app\"}","GCLOUD_PROJECT":"alpha-7fce5","EVENTARC_CLOUD_EVENT_SOURCE":"projects/alpha-7fce5/locations/australia-southeast1/services/tgpManualRun","FUNCTION_REGION":"australia-southeast1","FUNCTION_TARGET":"tgpManualRun","LOG_EXECUTION_ID":"true","FUNCTION_SIGNATURE_TYPE":"http"},"maxInstanceCount":20,"ingressSettings":"ALLOW_ALL","uri":"https://tgpmanualrun-oezvkt72ma-ts.a.run.app","serviceAccountEmail":"10647816245-compute@developer.gserviceaccount.com","availableMemory":"256Mi","allTrafficOnLatestRevision":true,"secretEnvironmentVariables":[{"key":"TGP_MANUAL_KEY","projectId":"alpha-7fce5","secret":"TGP_MANUAL_KEY","version":"2"}],"revision":"tgpmanualrun-00004-vin","maxInstanceRequestConcurrency":80,"availableCpu":"1"},"state":"ACTIVE","updateTime":"2026-08-17T21:40:31.125869451Z","labels":{"firebase-functions-hash":"9b9e54734eb5e5207ee75af9ecb8dc653005f8ab","deployment-tool":"cli-firebase"},"environment":"GEN_2","url":"https://australia-southeast1-alpha-7fce5.cloudfunctions.net/tgpManualRun","satisfiesPzs":true,"createTime":"2026-08-17T20:58:07.193472941Z","satisfiesPzi":true},{"name":"projects/alpha-7fce5/locations/australia-southeast1/functions/tgpDailyAutomation","buildConfig":{"build":"projects/10647816245/locations/australia-southeast1/builds/12f89ce0-be03-4d41-aeb9-abc7821efe8e","runtime":"nodejs24","entryPoint":"tgpDailyAutomation","source":{"storageSource":{"bucket":"gcf-v2-sources-10647816245-australia-southeast1","object":"tgpDailyAutomation/function-source.zip","generation":"1787002769151671"}},"environmentVariables":{"GOOGLE_NODE_RUN_SCRIPTS":""},"dockerRepository":"projects/alpha-7fce5/locations/australia-southeast1/repositories/gcf-artifacts","sourceProvenance":{"resolvedStorageSource":{"bucket":"gcf-v2-sources-10647816245-australia-southeast1","object":"tgpDailyAutomation/function-source.zip","generation":"1787002769151671"}},"dockerRegistry":"ARTIFACT_REGISTRY","serviceAccount":"projects/alpha-7fce5/serviceAccounts/10647816245-compute@developer.gserviceaccount.com","automaticUpdatePolicy":{}},"serviceConfig":{"service":"projects/alpha-7fce5/locations/australia-southeast1/services/tgpdailyautomation","timeoutSeconds":60,"environmentVariables":{"FIREBASE_CONFIG":"{\"projectId\":\"alpha-7fce5\",\"storageBucket\":\"alpha-7fce5.firebasestorage.app\"}","GCLOUD_PROJECT":"alpha-7fce5","EVENTARC_CLOUD_EVENT_SOURCE":"projects/alpha-7fce5/locations/australia-southeast1/services/tgpDailyAutomation","FUNCTION_REGION":"australia-southeast1","FUNCTION_TARGET":"tgpDailyAutomation","LOG_EXECUTION_ID":"true"},"maxInstanceCount":20,"ingressSettings":"ALLOW_ALL","uri":"https://tgpdailyautomation-oezvkt72ma-ts.a.run.app","serviceAccountEmail":"10647816245-compute@developer.gserviceaccount.com","availableMemory":"256Mi","allTrafficOnLatestRevision":true,"revision":"tgpdailyautomation-00003-zom","maxInstanceRequestConcurrency":80,"availableCpu":"1"},"state":"ACTIVE","updateTime":"2026-08-17T21:40:22.819573542Z","labels":{"firebase-functions-hash":"7968c6517be2e22f1e6b98ef2a58dc2dc5e8bb1a","deployment-tool":"cli-firebase","deployment-scheduled":"true"},"environment":"GEN_2","url":"https://australia-southeast1-alpha-7fce5.cloudfunctions.net/tgpDailyAutomation","satisfiesPzs":true,"createTime":"2026-08-17T20:56:51.352984667Z","satisfiesPzi":true}]}
[info] i  extensions: ensuring required API firebaseextensions.googleapis.com is enabled... 
[debug] [2026-08-17T23:23:39.692Z] > command requires scopes: ["email","openid","https://www.googleapis.com/auth/cloudplatformprojects.readonly","https://www.googleapis.com/auth/firebase","https://www.googleapis.com/auth/cloud-platform"]
[debug] [2026-08-17T23:23:39.692Z] > authorizing via signed-in user (challengenaylorstreet@gmail.com)
[debug] [2026-08-17T23:23:39.692Z] [iam] checking project alpha-7fce5 for permissions ["firebase.projects.get","firebaseextensions.instances.list"]
[debug] [2026-08-17T23:23:39.692Z] Checked if tokens are valid: true, expires at: 1787012607221
[debug] [2026-08-17T23:23:39.692Z] Checked if tokens are valid: true, expires at: 1787012607221
[debug] [2026-08-17T23:23:39.692Z] >>> [apiv2][query] POST https://cloudresourcemanager.googleapis.com/v1/projects/alpha-7fce5:testIamPermissions [none]
[debug] [2026-08-17T23:23:39.692Z] >>> [apiv2][(partial)header] POST https://cloudresourcemanager.googleapis.com/v1/projects/alpha-7fce5:testIamPermissions  x-goog-user-project=alpha-7fce5
[debug] [2026-08-17T23:23:39.692Z] >>> [apiv2][body] POST https://cloudresourcemanager.googleapis.com/v1/projects/alpha-7fce5:testIamPermissions {"permissions":["firebase.projects.get","firebaseextensions.instances.list"]}
[debug] [2026-08-17T23:23:40.233Z] <<< [apiv2][status] POST https://cloudresourcemanager.googleapis.com/v1/projects/alpha-7fce5:testIamPermissions 200
[debug] [2026-08-17T23:23:40.233Z] <<< [apiv2][body] POST https://cloudresourcemanager.googleapis.com/v1/projects/alpha-7fce5:testIamPermissions {"permissions":["firebase.projects.get","firebaseextensions.instances.list"]}
[debug] [2026-08-17T23:23:40.234Z] Checked if tokens are valid: true, expires at: 1787012607221
[debug] [2026-08-17T23:23:40.234Z] Checked if tokens are valid: true, expires at: 1787012607221
[debug] [2026-08-17T23:23:40.234Z] >>> [apiv2][query] GET https://firebaseextensions.googleapis.com/v1beta/projects/alpha-7fce5/instances pageSize=100&pageToken=
[debug] [2026-08-17T23:23:41.800Z] <<< [apiv2][status] GET https://firebaseextensions.googleapis.com/v1beta/projects/alpha-7fce5/instances 200
[debug] [2026-08-17T23:23:41.800Z] <<< [apiv2][body] GET https://firebaseextensions.googleapis.com/v1beta/projects/alpha-7fce5/instances {}
[debug] [2026-08-17T23:23:41.801Z] Attempting to merge .env secret bindings {} into declared secrets...)}
[debug] [2026-08-17T23:23:41.801Z] tgpDailyAutomation declared secrets: undefined
[debug] [2026-08-17T23:23:41.801Z] tgpManualRun declared secrets: [{"key":"TGP_MANUAL_KEY","secret":"TGP_MANUAL_KEY","projectId":"alpha-7fce5"}]
[debug] [2026-08-17T23:23:41.802Z] Checked if tokens are valid: true, expires at: 1787012607221
[debug] [2026-08-17T23:23:41.802Z] Checked if tokens are valid: true, expires at: 1787012607221
[debug] [2026-08-17T23:23:41.802Z] >>> [apiv2][query] GET https://secretmanager.googleapis.com/v1/projects/alpha-7fce5/secrets/TGP_MANUAL_KEY [none]
[debug] [2026-08-17T23:23:42.338Z] <<< [apiv2][status] GET https://secretmanager.googleapis.com/v1/projects/alpha-7fce5/secrets/TGP_MANUAL_KEY 200
[debug] [2026-08-17T23:23:42.338Z] <<< [apiv2][body] GET https://secretmanager.googleapis.com/v1/projects/alpha-7fce5/secrets/TGP_MANUAL_KEY {"name":"projects/10647816245/secrets/TGP_MANUAL_KEY","replication":{"automatic":{}},"createTime":"2026-08-17T20:40:18.910432Z","labels":{"firebase-managed":"functions"},"etag":"\"1659442dbad49d\""}
[debug] [2026-08-17T23:23:42.339Z] Checked if tokens are valid: true, expires at: 1787012607221
[debug] [2026-08-17T23:23:42.339Z] Checked if tokens are valid: true, expires at: 1787012607221
[debug] [2026-08-17T23:23:42.339Z] >>> [apiv2][query] GET https://secretmanager.googleapis.com/v1/projects/alpha-7fce5/secrets/TGP_MANUAL_KEY/versions/latest [none]
[debug] [2026-08-17T23:23:42.695Z] <<< [apiv2][status] GET https://secretmanager.googleapis.com/v1/projects/alpha-7fce5/secrets/TGP_MANUAL_KEY/versions/latest 200
[debug] [2026-08-17T23:23:42.695Z] <<< [apiv2][body] GET https://secretmanager.googleapis.com/v1/projects/alpha-7fce5/secrets/TGP_MANUAL_KEY/versions/latest {"name":"projects/10647816245/secrets/TGP_MANUAL_KEY/versions/2","createTime":"2026-08-17T21:18:32.595085Z","state":"ENABLED","replicationStatus":{"automatic":{}},"etag":"\"165944b65f0e8d\""}
[info] i  functions: preparing functions directory for uploading... 
[info] i  functions: packaged C:\Users\HP\Documents\GitHub\challenge-naylor-workspace\functions (132.95 KB) for uploading 
[info] i  functions: ensuring required API cloudscheduler.googleapis.com is enabled... 
[info] i  functions: ensuring required API run.googleapis.com is enabled... 
[info] i  functions: ensuring required API eventarc.googleapis.com is enabled... 
[info] i  functions: ensuring required API pubsub.googleapis.com is enabled... 
[info] i  functions: ensuring required API storage.googleapis.com is enabled... 
[info] i  functions: generating the service identity for pubsub.googleapis.com... 
[debug] [2026-08-17T23:23:42.776Z] Checked if tokens are valid: true, expires at: 1787012607221
[debug] [2026-08-17T23:23:42.776Z] Checked if tokens are valid: true, expires at: 1787012607221
[info] i  functions: generating the service identity for eventarc.googleapis.com... 
[debug] [2026-08-17T23:23:42.777Z] Checked if tokens are valid: true, expires at: 1787012607221
[debug] [2026-08-17T23:23:42.777Z] Checked if tokens are valid: true, expires at: 1787012607221
[debug] [2026-08-17T23:23:42.777Z] >>> [apiv2][query] POST https://serviceusage.googleapis.com/v1beta1/projects/10647816245/services/pubsub.googleapis.com:generateServiceIdentity [none]
[debug] [2026-08-17T23:23:42.777Z] >>> [apiv2][(partial)header] POST https://serviceusage.googleapis.com/v1beta1/projects/10647816245/services/pubsub.googleapis.com:generateServiceIdentity  x-goog-user-project=10647816245
[debug] [2026-08-17T23:23:42.777Z] >>> [apiv2][body] POST https://serviceusage.googleapis.com/v1beta1/projects/10647816245/services/pubsub.googleapis.com:generateServiceIdentity {}
[debug] [2026-08-17T23:23:42.777Z] >>> [apiv2][query] POST https://serviceusage.googleapis.com/v1beta1/projects/10647816245/services/eventarc.googleapis.com:generateServiceIdentity [none]
[debug] [2026-08-17T23:23:42.777Z] >>> [apiv2][(partial)header] POST https://serviceusage.googleapis.com/v1beta1/projects/10647816245/services/eventarc.googleapis.com:generateServiceIdentity  x-goog-user-project=10647816245
[debug] [2026-08-17T23:23:42.777Z] >>> [apiv2][body] POST https://serviceusage.googleapis.com/v1beta1/projects/10647816245/services/eventarc.googleapis.com:generateServiceIdentity {}
[debug] [2026-08-17T23:23:43.422Z] <<< [apiv2][status] POST https://serviceusage.googleapis.com/v1beta1/projects/10647816245/services/pubsub.googleapis.com:generateServiceIdentity 200
[debug] [2026-08-17T23:23:43.422Z] <<< [apiv2][body] POST https://serviceusage.googleapis.com/v1beta1/projects/10647816245/services/pubsub.googleapis.com:generateServiceIdentity {"name":"operations/finished.DONE_OPERATION","done":true,"response":{"@type":"type.googleapis.com/google.api.serviceusage.v1beta1.ServiceIdentity","email":"service-10647816245@gcp-sa-pubsub.iam.gserviceaccount.com","uniqueId":"114611631538248358617"}}
[debug] [2026-08-17T23:23:44.257Z] <<< [apiv2][status] POST https://serviceusage.googleapis.com/v1beta1/projects/10647816245/services/eventarc.googleapis.com:generateServiceIdentity 200
[debug] [2026-08-17T23:23:44.258Z] <<< [apiv2][body] POST https://serviceusage.googleapis.com/v1beta1/projects/10647816245/services/eventarc.googleapis.com:generateServiceIdentity {"name":"operations/finished.DONE_OPERATION","done":true,"response":{"@type":"type.googleapis.com/google.api.serviceusage.v1beta1.ServiceIdentity","email":"service-10647816245@gcp-sa-eventarc.iam.gserviceaccount.com","uniqueId":"101386836007986887900"}}
[info] i  functions: ensuring required API secretmanager.googleapis.com is enabled... 
[debug] [2026-08-17T23:23:44.259Z] Checked if tokens are valid: true, expires at: 1787012607221
[debug] [2026-08-17T23:23:44.259Z] Checked if tokens are valid: true, expires at: 1787012607221
[debug] [2026-08-17T23:23:44.259Z] >>> [apiv2][query] GET https://secretmanager.googleapis.com/v1/projects/alpha-7fce5/secrets/TGP_MANUAL_KEY/versions/latest [none]
[debug] [2026-08-17T23:23:44.671Z] <<< [apiv2][status] GET https://secretmanager.googleapis.com/v1/projects/alpha-7fce5/secrets/TGP_MANUAL_KEY/versions/latest 200
[debug] [2026-08-17T23:23:44.671Z] <<< [apiv2][body] GET https://secretmanager.googleapis.com/v1/projects/alpha-7fce5/secrets/TGP_MANUAL_KEY/versions/latest {"name":"projects/10647816245/secrets/TGP_MANUAL_KEY/versions/2","createTime":"2026-08-17T21:18:32.595085Z","state":"ENABLED","replicationStatus":{"automatic":{}},"etag":"\"165944b65f0e8d\""}
[debug] [2026-08-17T23:23:44.671Z] Resolved latest secret version of TGP_MANUAL_KEY to 2.
[debug] [2026-08-17T23:23:44.672Z] Checked if tokens are valid: true, expires at: 1787012607221
[debug] [2026-08-17T23:23:44.672Z] Checked if tokens are valid: true, expires at: 1787012607221
[debug] [2026-08-17T23:23:44.672Z] >>> [apiv2][query] GET https://cloudresourcemanager.googleapis.com/v1/projects/alpha-7fce5 [none]
[debug] [2026-08-17T23:23:45.100Z] <<< [apiv2][status] GET https://cloudresourcemanager.googleapis.com/v1/projects/alpha-7fce5 200
[debug] [2026-08-17T23:23:45.100Z] <<< [apiv2][body] GET https://cloudresourcemanager.googleapis.com/v1/projects/alpha-7fce5 {"projectNumber":"10647816245","projectId":"alpha-7fce5","lifecycleState":"ACTIVE","name":"ALPHA","labels":{"firebase":"enabled","firebase-core":"disabled"},"createTime":"2026-08-11T00:16:08.447Z"}
[debug] [2026-08-17T23:23:45.100Z] Checked if tokens are valid: true, expires at: 1787012607221
[debug] [2026-08-17T23:23:45.101Z] Checked if tokens are valid: true, expires at: 1787012607221
[debug] [2026-08-17T23:23:45.101Z] >>> [apiv2][query] GET https://compute.googleapis.com/compute/v1/projects/10647816245 [none]
[debug] [2026-08-17T23:23:45.655Z] <<< [apiv2][status] GET https://compute.googleapis.com/compute/v1/projects/10647816245 403
[debug] [2026-08-17T23:23:45.655Z] <<< [apiv2][body] GET https://compute.googleapis.com/compute/v1/projects/10647816245 {"error":{"code":403,"message":"Compute Engine API has not been used in project 10647816245 before or it is disabled. Enable it by visiting https://console.developers.google.com/apis/api/compute.googleapis.com/overview?project=10647816245 then retry. If you enabled this API recently, wait a few minutes for the action to propagate to our systems and retry.","errors":[{"message":"Compute Engine API has not been used in project 10647816245 before or it is disabled. Enable it by visiting https://console.developers.google.com/apis/api/compute.googleapis.com/overview?project=10647816245 then retry. If you enabled this API recently, wait a few minutes for the action to propagate to our systems and retry.","domain":"usageLimits","reason":"accessNotConfigured","extendedHelp":"https://console.developers.google.com"}],"status":"PERMISSION_DENIED","details":[{"@type":"type.googleapis.com/google.rpc.ErrorInfo","reason":"SERVICE_DISABLED","domain":"googleapis.com","metadata":{"consumer":"projects/10647816245","serviceTitle":"Compute Engine API","containerInfo":"10647816245","activationUrl":"https://console.developers.google.com/apis/api/compute.googleapis.com/overview?project=10647816245","service":"compute.googleapis.com"}},{"@type":"type.googleapis.com/google.rpc.LocalizedMessage","locale":"en-US","message":"Compute Engine API has not been used in project 10647816245 before or it is disabled. Enable it by visiting https://console.developers.google.com/apis/api/compute.googleapis.com/overview?project=10647816245 then retry. If you enabled this API recently, wait a few minutes for the action to propagate to our systems and retry."},{"@type":"type.googleapis.com/google.rpc.Help","links":[{"description":"Google developers console API activation","url":"https://console.developers.google.com/apis/api/compute.googleapis.com/overview?project=10647816245"}]}]}}
[debug] [2026-08-17T23:23:45.655Z] unable to look up default compute service account. Falling back to 10647816245-compute@developer.gserviceaccount.com. Error: {"name":"FirebaseError","children":[],"context":{"body":{"error":{"code":403,"message":"Compute Engine API has not been used in project 10647816245 before or it is disabled. Enable it by visiting https://console.developers.google.com/apis/api/compute.googleapis.com/overview?project=10647816245 then retry. If you enabled this API recently, wait a few minutes for the action to propagate to our systems and retry.","errors":[{"message":"Compute Engine API has not been used in project 10647816245 before or it is disabled. Enable it by visiting https://console.developers.google.com/apis/api/compute.googleapis.com/overview?project=10647816245 then retry. If you enabled this API recently, wait a few minutes for the action to propagate to our systems and retry.","domain":"usageLimits","reason":"accessNotConfigured","extendedHelp":"https://console.developers.google.com"}],"status":"PERMISSION_DENIED","details":[{"@type":"type.googleapis.com/google.rpc.ErrorInfo","reason":"SERVICE_DISABLED","domain":"googleapis.com","metadata":{"consumer":"projects/10647816245","serviceTitle":"Compute Engine API","containerInfo":"10647816245","activationUrl":"https://console.developers.google.com/apis/api/compute.googleapis.com/overview?project=10647816245","service":"compute.googleapis.com"}},{"@type":"type.googleapis.com/google.rpc.LocalizedMessage","locale":"en-US","message":"Compute Engine API has not been used in project 10647816245 before or it is disabled. Enable it by visiting https://console.developers.google.com/apis/api/compute.googleapis.com/overview?project=10647816245 then retry. If you enabled this API recently, wait a few minutes for the action to propagate to our systems and retry."},{"@type":"type.googleapis.com/google.rpc.Help","links":[{"description":"Google developers console API activation","url":"https://console.developers.google.com/apis/api/compute.googleapis.com/overview?project=10647816245"}]}]}},"response":{"statusCode":403}},"exit":1,"message":"Request to https://compute.googleapis.com/compute/v1/projects/10647816245 had HTTP Error: 403, Compute Engine API has not been used in project 10647816245 before or it is disabled. Enable it by visiting https://console.developers.google.com/apis/api/compute.googleapis.com/overview?project=10647816245 then retry. If you enabled this API recently, wait a few minutes for the action to propagate to our systems and retry.","status":403}
[debug] [2026-08-17T23:23:45.655Z] Checked if tokens are valid: true, expires at: 1787012607221
[debug] [2026-08-17T23:23:45.655Z] Checked if tokens are valid: true, expires at: 1787012607221
[debug] [2026-08-17T23:23:45.655Z] >>> [apiv2][query] GET https://compute.googleapis.com/compute/v1/projects/10647816245 [none]
[debug] [2026-08-17T23:23:46.090Z] <<< [apiv2][status] GET https://compute.googleapis.com/compute/v1/projects/10647816245 403
[debug] [2026-08-17T23:23:46.090Z] <<< [apiv2][body] GET https://compute.googleapis.com/compute/v1/projects/10647816245 {"error":{"code":403,"message":"Compute Engine API has not been used in project 10647816245 before or it is disabled. Enable it by visiting https://console.developers.google.com/apis/api/compute.googleapis.com/overview?project=10647816245 then retry. If you enabled this API recently, wait a few minutes for the action to propagate to our systems and retry.","errors":[{"message":"Compute Engine API has not been used in project 10647816245 before or it is disabled. Enable it by visiting https://console.developers.google.com/apis/api/compute.googleapis.com/overview?project=10647816245 then retry. If you enabled this API recently, wait a few minutes for the action to propagate to our systems and retry.","domain":"usageLimits","reason":"accessNotConfigured","extendedHelp":"https://console.developers.google.com"}],"status":"PERMISSION_DENIED","details":[{"@type":"type.googleapis.com/google.rpc.ErrorInfo","reason":"SERVICE_DISABLED","domain":"googleapis.com","metadata":{"service":"compute.googleapis.com","consumer":"projects/10647816245","serviceTitle":"Compute Engine API","containerInfo":"10647816245","activationUrl":"https://console.developers.google.com/apis/api/compute.googleapis.com/overview?project=10647816245"}},{"@type":"type.googleapis.com/google.rpc.LocalizedMessage","locale":"en-US","message":"Compute Engine API has not been used in project 10647816245 before or it is disabled. Enable it by visiting https://console.developers.google.com/apis/api/compute.googleapis.com/overview?project=10647816245 then retry. If you enabled this API recently, wait a few minutes for the action to propagate to our systems and retry."},{"@type":"type.googleapis.com/google.rpc.Help","links":[{"description":"Google developers console API activation","url":"https://console.developers.google.com/apis/api/compute.googleapis.com/overview?project=10647816245"}]}]}}
[debug] [2026-08-17T23:23:46.090Z] unable to look up default compute service account. Falling back to 10647816245-compute@developer.gserviceaccount.com. Error: {"name":"FirebaseError","children":[],"context":{"body":{"error":{"code":403,"message":"Compute Engine API has not been used in project 10647816245 before or it is disabled. Enable it by visiting https://console.developers.google.com/apis/api/compute.googleapis.com/overview?project=10647816245 then retry. If you enabled this API recently, wait a few minutes for the action to propagate to our systems and retry.","errors":[{"message":"Compute Engine API has not been used in project 10647816245 before or it is disabled. Enable it by visiting https://console.developers.google.com/apis/api/compute.googleapis.com/overview?project=10647816245 then retry. If you enabled this API recently, wait a few minutes for the action to propagate to our systems and retry.","domain":"usageLimits","reason":"accessNotConfigured","extendedHelp":"https://console.developers.google.com"}],"status":"PERMISSION_DENIED","details":[{"@type":"type.googleapis.com/google.rpc.ErrorInfo","reason":"SERVICE_DISABLED","domain":"googleapis.com","metadata":{"service":"compute.googleapis.com","consumer":"projects/10647816245","serviceTitle":"Compute Engine API","containerInfo":"10647816245","activationUrl":"https://console.developers.google.com/apis/api/compute.googleapis.com/overview?project=10647816245"}},{"@type":"type.googleapis.com/google.rpc.LocalizedMessage","locale":"en-US","message":"Compute Engine API has not been used in project 10647816245 before or it is disabled. Enable it by visiting https://console.developers.google.com/apis/api/compute.googleapis.com/overview?project=10647816245 then retry. If you enabled this API recently, wait a few minutes for the action to propagate to our systems and retry."},{"@type":"type.googleapis.com/google.rpc.Help","links":[{"description":"Google developers console API activation","url":"https://console.developers.google.com/apis/api/compute.googleapis.com/overview?project=10647816245"}]}]}},"response":{"statusCode":403}},"exit":1,"message":"Request to https://compute.googleapis.com/compute/v1/projects/10647816245 had HTTP Error: 403, Compute Engine API has not been used in project 10647816245 before or it is disabled. Enable it by visiting https://console.developers.google.com/apis/api/compute.googleapis.com/overview?project=10647816245 then retry. If you enabled this API recently, wait a few minutes for the action to propagate to our systems and retry.","status":403}
[debug] [2026-08-17T23:23:46.091Z] Checked if tokens are valid: true, expires at: 1787012607221
[debug] [2026-08-17T23:23:46.091Z] Checked if tokens are valid: true, expires at: 1787012607221
[debug] [2026-08-17T23:23:46.091Z] >>> [apiv2][query] GET https://cloudbilling.googleapis.com/v1/projects/alpha-7fce5/billingInfo [none]
[debug] [2026-08-17T23:23:46.091Z] >>> [apiv2][(partial)header] GET https://cloudbilling.googleapis.com/v1/projects/alpha-7fce5/billingInfo  x-goog-user-project=alpha-7fce5
[debug] [2026-08-17T23:23:46.857Z] <<< [apiv2][status] GET https://cloudbilling.googleapis.com/v1/projects/alpha-7fce5/billingInfo 200
[debug] [2026-08-17T23:23:46.857Z] <<< [apiv2][body] GET https://cloudbilling.googleapis.com/v1/projects/alpha-7fce5/billingInfo {"name":"projects/alpha-7fce5/billingInfo","projectId":"alpha-7fce5","billingAccountName":"billingAccounts/0126BF-863F55-39C4D7","billingEnabled":true}
[debug] [2026-08-17T23:23:46.858Z] Checked if tokens are valid: true, expires at: 1787012607221
[debug] [2026-08-17T23:23:46.858Z] Checked if tokens are valid: true, expires at: 1787012607221
[debug] [2026-08-17T23:23:46.858Z] >>> [apiv2][query] POST https://cloudfunctions.googleapis.com/v2/projects/alpha-7fce5/locations/australia-southeast1/functions:generateUploadUrl [none]
[debug] [2026-08-17T23:23:47.659Z] <<< [apiv2][status] POST https://cloudfunctions.googleapis.com/v2/projects/alpha-7fce5/locations/australia-southeast1/functions:generateUploadUrl 200
[debug] [2026-08-17T23:23:47.659Z] <<< [apiv2][body] POST https://cloudfunctions.googleapis.com/v2/projects/alpha-7fce5/locations/australia-southeast1/functions:generateUploadUrl {"uploadUrl":"https://storage.googleapis.com/gcf-v2-uploads-10647816245.australia-southeast1.cloudfunctions.appspot.com/f58e18f0-6369-49d0-834b-26c30186d854.zip?GoogleAccessId=service-10647816245@gcf-admin-robot.iam.gserviceaccount.com&Expires=1787010827&Signature=Hy1L7OsbTT7BDHh8Y%2F1DU3A0aYCnOYhYNvdr0wq0TC13MzJ5FuG3h%2FYF0zv7fVSRhZbATnd9vS6x0kz6hLe5Je%2B6N4lBS4RIKXHbXZ7qjiLXFNCQ8vVZvipbybgizCGIu9oZRLyZeWfJnUPLD3w8XIDit57wAAtxmXaww63E2CB3fWZesQBZzfEf4QS8edM0oBYigRbrjXI%2BQf33mxN81pIPeTefy5g3PTT51fb3X%2FIYwaBbVtCydXS%2BJ8csTfGXJL86nXGEsNUNG2DWuO4nXF0Ull6GbWTpMb2F9bxNFKq1hEPYMYDHBEQm7KqbuXTukqUbKMTa8iOFaWELgCZlFQ%3D%3D","storageSource":{"bucket":"gcf-v2-uploads-10647816245.australia-southeast1.cloudfunctions.appspot.com","object":"f58e18f0-6369-49d0-834b-26c30186d854.zip"}}
[debug] [2026-08-17T23:23:47.659Z] >>> [apiv2][query] PUT https://storage.googleapis.com/gcf-v2-uploads-10647816245.australia-southeast1.cloudfunctions.appspot.com/f58e18f0-6369-49d0-834b-26c30186d854.zip GoogleAccessId=service-10647816245%40gcf-admin-robot.iam.gserviceaccount.com&Expires=1787010827&Signature=Hy1L7OsbTT7BDHh8Y%2F1DU3A0aYCnOYhYNvdr0wq0TC13MzJ5FuG3h%2FYF0zv7fVSRhZbATnd9vS6x0kz6hLe5Je%2B6N4lBS4RIKXHbXZ7qjiLXFNCQ8vVZvipbybgizCGIu9oZRLyZeWfJnUPLD3w8XIDit57wAAtxmXaww63E2CB3fWZesQBZzfEf4QS8edM0oBYigRbrjXI%2BQf33mxN81pIPeTefy5g3PTT51fb3X%2FIYwaBbVtCydXS%2BJ8csTfGXJL86nXGEsNUNG2DWuO4nXF0Ull6GbWTpMb2F9bxNFKq1hEPYMYDHBEQm7KqbuXTukqUbKMTa8iOFaWELgCZlFQ%3D%3D
[debug] [2026-08-17T23:23:47.659Z] >>> [apiv2][body] PUT https://storage.googleapis.com/gcf-v2-uploads-10647816245.australia-southeast1.cloudfunctions.appspot.com/f58e18f0-6369-49d0-834b-26c30186d854.zip [stream]
[debug] [2026-08-17T23:23:48.072Z] <<< [apiv2][status] PUT https://storage.googleapis.com/gcf-v2-uploads-10647816245.australia-southeast1.cloudfunctions.appspot.com/f58e18f0-6369-49d0-834b-26c30186d854.zip 200
[debug] [2026-08-17T23:23:48.072Z] <<< [apiv2][body] PUT https://storage.googleapis.com/gcf-v2-uploads-10647816245.australia-southeast1.cloudfunctions.appspot.com/f58e18f0-6369-49d0-834b-26c30186d854.zip [omitted]
[info] +  functions: functions source uploaded successfully 
[info] i  functions: updating Node.js 24 (2nd Gen) function tgpDailyAutomation(australia-southeast1)... 
[info] i  functions: updating Node.js 24 (2nd Gen) function tgpManualRun(australia-southeast1)... 
[debug] [2026-08-17T23:23:48.077Z] Checked if tokens are valid: true, expires at: 1787012607221
[debug] [2026-08-17T23:23:48.077Z] Checked if tokens are valid: true, expires at: 1787012607221
[debug] [2026-08-17T23:23:48.077Z] >>> [apiv2][query] PATCH https://cloudfunctions.googleapis.com/v2/projects/alpha-7fce5/locations/australia-southeast1/functions/tgpDailyAutomation updateMask=name%2CbuildConfig.runtime%2CbuildConfig.entryPoint%2CbuildConfig.source.storageSource.bucket%2CbuildConfig.source.storageSource.object%2CbuildConfig.environmentVariables%2CbuildConfig.sourceToken%2CserviceConfig.environmentVariables%2CserviceConfig.ingressSettings%2CserviceConfig.timeoutSeconds%2CserviceConfig.serviceAccountEmail%2CserviceConfig.availableMemory%2CserviceConfig.minInstanceCount%2CserviceConfig.maxInstanceCount%2CserviceConfig.maxInstanceRequestConcurrency%2CserviceConfig.availableCpu%2CserviceConfig.vpcConnector%2CserviceConfig.vpcConnectorEgressSettings%2CserviceConfig.directVpcNetworkInterface%2CserviceConfig.directVpcEgress%2Clabels
[debug] [2026-08-17T23:23:48.077Z] >>> [apiv2][body] PATCH https://cloudfunctions.googleapis.com/v2/projects/alpha-7fce5/locations/australia-southeast1/functions/tgpDailyAutomation {"name":"projects/alpha-7fce5/locations/australia-southeast1/functions/tgpDailyAutomation","buildConfig":{"runtime":"nodejs24","entryPoint":"tgpDailyAutomation","source":{"storageSource":{"bucket":"gcf-v2-uploads-10647816245.australia-southeast1.cloudfunctions.appspot.com","object":"f58e18f0-6369-49d0-834b-26c30186d854.zip"}},"environmentVariables":{"GOOGLE_NODE_RUN_SCRIPTS":""}},"serviceConfig":{"environmentVariables":{"FIREBASE_CONFIG":"{\"projectId\":\"alpha-7fce5\",\"storageBucket\":\"alpha-7fce5.firebasestorage.app\"}","GCLOUD_PROJECT":"alpha-7fce5","EVENTARC_CLOUD_EVENT_SOURCE":"projects/alpha-7fce5/locations/australia-southeast1/services/tgpDailyAutomation","FUNCTION_REGION":"australia-southeast1","FUNCTION_TARGET":"tgpDailyAutomation","LOG_EXECUTION_ID":"true"},"ingressSettings":null,"timeoutSeconds":null,"serviceAccountEmail":null,"availableMemory":"256Mi","minInstanceCount":null,"maxInstanceCount":null,"maxInstanceRequestConcurrency":80,"availableCpu":"1","vpcConnector":null,"vpcConnectorEgressSettings":null,"directVpcNetworkInterface":null,"directVpcEgress":null},"labels":{"deployment-tool":"cli-firebase","deployment-scheduled":"true","firebase-functions-hash":"3396a61a5993c79059c242987af205af61deb639"}}
[debug] [2026-08-17T23:23:50.543Z] <<< [apiv2][status] PATCH https://cloudfunctions.googleapis.com/v2/projects/alpha-7fce5/locations/australia-southeast1/functions/tgpDailyAutomation 200
[debug] [2026-08-17T23:23:50.543Z] <<< [apiv2][body] PATCH https://cloudfunctions.googleapis.com/v2/projects/alpha-7fce5/locations/australia-southeast1/functions/tgpDailyAutomation {"name":"projects/alpha-7fce5/locations/australia-southeast1/operations/operation-1787009028808-65946765f5f62-676830f2-b744e865","metadata":{"@type":"type.googleapis.com/google.cloud.functions.v2.OperationMetadata","createTime":"2026-08-17T23:23:50.410184674Z","target":"projects/alpha-7fce5/locations/australia-southeast1/functions/tgpDailyAutomation","verb":"update","cancelRequested":false,"apiVersion":"v2"},"done":false}
[debug] [2026-08-17T23:23:50.544Z] Checked if tokens are valid: true, expires at: 1787012607221
[debug] [2026-08-17T23:23:50.544Z] Checked if tokens are valid: true, expires at: 1787012607221
[debug] [2026-08-17T23:23:50.544Z] >>> [apiv2][query] GET https://cloudfunctions.googleapis.com/v2/projects/alpha-7fce5/locations/australia-southeast1/operations/operation-1787009028808-65946765f5f62-676830f2-b744e865 [none]
[debug] [2026-08-17T23:23:51.384Z] <<< [apiv2][status] GET https://cloudfunctions.googleapis.com/v2/projects/alpha-7fce5/locations/australia-southeast1/operations/operation-1787009028808-65946765f5f62-676830f2-b744e865 200
[debug] [2026-08-17T23:23:51.384Z] <<< [apiv2][body] GET https://cloudfunctions.googleapis.com/v2/projects/alpha-7fce5/locations/australia-southeast1/operations/operation-1787009028808-65946765f5f62-676830f2-b744e865 {"name":"projects/alpha-7fce5/locations/australia-southeast1/operations/operation-1787009028808-65946765f5f62-676830f2-b744e865","metadata":{"@type":"type.googleapis.com/google.cloud.functions.v2.OperationMetadata","createTime":"2026-08-17T23:23:50.410184674Z","target":"projects/alpha-7fce5/locations/australia-southeast1/functions/tgpDailyAutomation","verb":"update","cancelRequested":false,"apiVersion":"v2","requestResource":{"@type":"type.googleapis.com/google.cloud.functions.v2.Function","name":"projects/alpha-7fce5/locations/australia-southeast1/functions/tgpDailyAutomation","buildConfig":{"runtime":"nodejs24","entryPoint":"tgpDailyAutomation","source":{"storageSource":{"bucket":"gcf-v2-sources-10647816245-australia-southeast1","object":"tgpDailyAutomation/function-source.zip","generation":"1787009030362236"}},"environmentVariables":{"GOOGLE_NODE_RUN_SCRIPTS":""},"dockerRepository":"projects/alpha-7fce5/locations/australia-southeast1/repositories/gcf-artifacts","sourceProvenance":{"resolvedStorageSource":{"bucket":"gcf-v2-sources-10647816245-australia-southeast1","object":"tgpDailyAutomation/function-source.zip","generation":"1787002769151671"}},"dockerRegistry":"ARTIFACT_REGISTRY","serviceAccount":"projects/alpha-7fce5/serviceAccounts/10647816245-compute@developer.gserviceaccount.com","automaticUpdatePolicy":{}},"serviceConfig":{"service":"projects/alpha-7fce5/locations/australia-southeast1/services/tgpdailyautomation","timeoutSeconds":60,"environmentVariables":{"FIREBASE_CONFIG":"{\"projectId\":\"alpha-7fce5\",\"storageBucket\":\"alpha-7fce5.firebasestorage.app\"}","GCLOUD_PROJECT":"alpha-7fce5","EVENTARC_CLOUD_EVENT_SOURCE":"projects/alpha-7fce5/locations/australia-southeast1/services/tgpDailyAutomation","FUNCTION_REGION":"australia-southeast1","FUNCTION_TARGET":"tgpDailyAutomation","LOG_EXECUTION_ID":"true"},"ingressSettings":"ALLOW_ALL","uri":"https://tgpdailyautomation-oezvkt72ma-ts.a.run.app","serviceAccountEmail":"10647816245-compute@developer.gserviceaccount.com","availableMemory":"256Mi","allTrafficOnLatestRevision":true,"revision":"tgpdailyautomation-00003-zom","maxInstanceRequestConcurrency":80,"availableCpu":"1"},"state":"ACTIVE","labels":{"deployment-tool":"cli-firebase","deployment-scheduled":"true","firebase-functions-hash":"3396a61a5993c79059c242987af205af61deb639"},"environment":"GEN_2","url":"https://australia-southeast1-alpha-7fce5.cloudfunctions.net/tgpDailyAutomation","satisfiesPzs":true,"satisfiesPzi":true},"stages":[{"name":"BUILD","state":"NOT_STARTED"},{"name":"SERVICE","state":"NOT_STARTED"}],"operationType":"UPDATE_FUNCTION"},"done":false}
[debug] [2026-08-17T23:23:51.885Z] [update-default-australia-southeast1-tgpDailyAutomation] Retrying task index 0
[debug] [2026-08-17T23:23:51.885Z] Checked if tokens are valid: true, expires at: 1787012607221
[debug] [2026-08-17T23:23:51.885Z] Checked if tokens are valid: true, expires at: 1787012607221
[debug] [2026-08-17T23:23:51.885Z] >>> [apiv2][query] GET https://cloudfunctions.googleapis.com/v2/projects/alpha-7fce5/locations/australia-southeast1/operations/operation-1787009028808-65946765f5f62-676830f2-b744e865 [none]
[debug] [2026-08-17T23:23:52.610Z] <<< [apiv2][status] GET https://cloudfunctions.googleapis.com/v2/projects/alpha-7fce5/locations/australia-southeast1/operations/operation-1787009028808-65946765f5f62-676830f2-b744e865 200
[debug] [2026-08-17T23:23:52.610Z] <<< [apiv2][body] GET https://cloudfunctions.googleapis.com/v2/projects/alpha-7fce5/locations/australia-southeast1/operations/operation-1787009028808-65946765f5f62-676830f2-b744e865 {"name":"projects/alpha-7fce5/locations/australia-southeast1/operations/operation-1787009028808-65946765f5f62-676830f2-b744e865","metadata":{"@type":"type.googleapis.com/google.cloud.functions.v2.OperationMetadata","createTime":"2026-08-17T23:23:50.410184674Z","target":"projects/alpha-7fce5/locations/australia-southeast1/functions/tgpDailyAutomation","verb":"update","cancelRequested":false,"apiVersion":"v2","requestResource":{"@type":"type.googleapis.com/google.cloud.functions.v2.Function","name":"projects/alpha-7fce5/locations/australia-southeast1/functions/tgpDailyAutomation","buildConfig":{"runtime":"nodejs24","entryPoint":"tgpDailyAutomation","source":{"storageSource":{"bucket":"gcf-v2-sources-10647816245-australia-southeast1","object":"tgpDailyAutomation/function-source.zip","generation":"1787009030362236"}},"environmentVariables":{"GOOGLE_NODE_RUN_SCRIPTS":""},"dockerRepository":"projects/alpha-7fce5/locations/australia-southeast1/repositories/gcf-artifacts","sourceProvenance":{"resolvedStorageSource":{"bucket":"gcf-v2-sources-10647816245-australia-southeast1","object":"tgpDailyAutomation/function-source.zip","generation":"1787002769151671"}},"dockerRegistry":"ARTIFACT_REGISTRY","serviceAccount":"projects/alpha-7fce5/serviceAccounts/10647816245-compute@developer.gserviceaccount.com","automaticUpdatePolicy":{}},"serviceConfig":{"service":"projects/alpha-7fce5/locations/australia-southeast1/services/tgpdailyautomation","timeoutSeconds":60,"environmentVariables":{"FIREBASE_CONFIG":"{\"projectId\":\"alpha-7fce5\",\"storageBucket\":\"alpha-7fce5.firebasestorage.app\"}","GCLOUD_PROJECT":"alpha-7fce5","EVENTARC_CLOUD_EVENT_SOURCE":"projects/alpha-7fce5/locations/australia-southeast1/services/tgpDailyAutomation","FUNCTION_REGION":"australia-southeast1","FUNCTION_TARGET":"tgpDailyAutomation","LOG_EXECUTION_ID":"true"},"ingressSettings":"ALLOW_ALL","uri":"https://tgpdailyautomation-oezvkt72ma-ts.a.run.app","serviceAccountEmail":"10647816245-compute@developer.gserviceaccount.com","availableMemory":"256Mi","allTrafficOnLatestRevision":true,"revision":"tgpdailyautomation-00003-zom","maxInstanceRequestConcurrency":80,"availableCpu":"1"},"state":"ACTIVE","labels":{"deployment-tool":"cli-firebase","deployment-scheduled":"true","firebase-functions-hash":"3396a61a5993c79059c242987af205af61deb639"},"environment":"GEN_2","url":"https://australia-southeast1-alpha-7fce5.cloudfunctions.net/tgpDailyAutomation","satisfiesPzs":true,"satisfiesPzi":true},"stages":[{"name":"BUILD","message":"Build in progress","state":"IN_PROGRESS","resource":"projects/10647816245/locations/australia-southeast1/builds/4eb2d6cc-aaf5-40f0-bee0-97d16b29cc5a","resourceUri":"https://console.cloud.google.com/cloud-build/builds;region=australia-southeast1/4eb2d6cc-aaf5-40f0-bee0-97d16b29cc5a?project=10647816245"},{"name":"SERVICE","state":"NOT_STARTED"}],"operationType":"UPDATE_FUNCTION","buildName":"projects/10647816245/locations/australia-southeast1/builds/4eb2d6cc-aaf5-40f0-bee0-97d16b29cc5a"},"done":false}
[debug] [2026-08-17T23:23:53.619Z] [update-default-australia-southeast1-tgpDailyAutomation] Retrying task index 0
[debug] [2026-08-17T23:23:53.619Z] Checked if tokens are valid: true, expires at: 1787012607221
[debug] [2026-08-17T23:23:53.619Z] Checked if tokens are valid: true, expires at: 1787012607221
[debug] [2026-08-17T23:23:53.619Z] >>> [apiv2][query] GET https://cloudfunctions.googleapis.com/v2/projects/alpha-7fce5/locations/australia-southeast1/operations/operation-1787009028808-65946765f5f62-676830f2-b744e865 [none]
[debug] [2026-08-17T23:23:54.451Z] <<< [apiv2][status] GET https://cloudfunctions.googleapis.com/v2/projects/alpha-7fce5/locations/australia-southeast1/operations/operation-1787009028808-65946765f5f62-676830f2-b744e865 200
[debug] [2026-08-17T23:23:54.451Z] <<< [apiv2][body] GET https://cloudfunctions.googleapis.com/v2/projects/alpha-7fce5/locations/australia-southeast1/operations/operation-1787009028808-65946765f5f62-676830f2-b744e865 {"name":"projects/alpha-7fce5/locations/australia-southeast1/operations/operation-1787009028808-65946765f5f62-676830f2-b744e865","metadata":{"@type":"type.googleapis.com/google.cloud.functions.v2.OperationMetadata","createTime":"2026-08-17T23:23:50.410184674Z","target":"projects/alpha-7fce5/locations/australia-southeast1/functions/tgpDailyAutomation","verb":"update","cancelRequested":false,"apiVersion":"v2","requestResource":{"@type":"type.googleapis.com/google.cloud.functions.v2.Function","name":"projects/alpha-7fce5/locations/australia-southeast1/functions/tgpDailyAutomation","buildConfig":{"runtime":"nodejs24","entryPoint":"tgpDailyAutomation","source":{"storageSource":{"bucket":"gcf-v2-sources-10647816245-australia-southeast1","object":"tgpDailyAutomation/function-source.zip","generation":"1787009030362236"}},"environmentVariables":{"GOOGLE_NODE_RUN_SCRIPTS":""},"dockerRepository":"projects/alpha-7fce5/locations/australia-southeast1/repositories/gcf-artifacts","sourceProvenance":{"resolvedStorageSource":{"bucket":"gcf-v2-sources-10647816245-australia-southeast1","object":"tgpDailyAutomation/function-source.zip","generation":"1787002769151671"}},"dockerRegistry":"ARTIFACT_REGISTRY","serviceAccount":"projects/alpha-7fce5/serviceAccounts/10647816245-compute@developer.gserviceaccount.com","automaticUpdatePolicy":{}},"serviceConfig":{"service":"projects/alpha-7fce5/locations/australia-southeast1/services/tgpdailyautomation","timeoutSeconds":60,"environmentVariables":{"FIREBASE_CONFIG":"{\"projectId\":\"alpha-7fce5\",\"storageBucket\":\"alpha-7fce5.firebasestorage.app\"}","GCLOUD_PROJECT":"alpha-7fce5","EVENTARC_CLOUD_EVENT_SOURCE":"projects/alpha-7fce5/locations/australia-southeast1/services/tgpDailyAutomation","FUNCTION_REGION":"australia-southeast1","FUNCTION_TARGET":"tgpDailyAutomation","LOG_EXECUTION_ID":"true"},"ingressSettings":"ALLOW_ALL","uri":"https://tgpdailyautomation-oezvkt72ma-ts.a.run.app","serviceAccountEmail":"10647816245-compute@developer.gserviceaccount.com","availableMemory":"256Mi","allTrafficOnLatestRevision":true,"revision":"tgpdailyautomation-00003-zom","maxInstanceRequestConcurrency":80,"availableCpu":"1"},"state":"ACTIVE","labels":{"deployment-tool":"cli-firebase","deployment-scheduled":"true","firebase-functions-hash":"3396a61a5993c79059c242987af205af61deb639"},"environment":"GEN_2","url":"https://australia-southeast1-alpha-7fce5.cloudfunctions.net/tgpDailyAutomation","satisfiesPzs":true,"satisfiesPzi":true},"stages":[{"name":"BUILD","message":"Build in progress","state":"IN_PROGRESS","resource":"projects/10647816245/locations/australia-southeast1/builds/4eb2d6cc-aaf5-40f0-bee0-97d16b29cc5a","resourceUri":"https://console.cloud.google.com/cloud-build/builds;region=australia-southeast1/4eb2d6cc-aaf5-40f0-bee0-97d16b29cc5a?project=10647816245"},{"name":"SERVICE","state":"NOT_STARTED"}],"operationType":"UPDATE_FUNCTION","buildName":"projects/10647816245/locations/australia-southeast1/builds/4eb2d6cc-aaf5-40f0-bee0-97d16b29cc5a"},"done":false}
[debug] [2026-08-17T23:23:56.467Z] [update-default-australia-southeast1-tgpDailyAutomation] Retrying task index 0
[debug] [2026-08-17T23:23:56.467Z] Checked if tokens are valid: true, expires at: 1787012607221
[debug] [2026-08-17T23:23:56.467Z] Checked if tokens are valid: true, expires at: 1787012607221
[debug] [2026-08-17T23:23:56.467Z] >>> [apiv2][query] GET https://cloudfunctions.googleapis.com/v2/projects/alpha-7fce5/locations/australia-southeast1/operations/operation-1787009028808-65946765f5f62-676830f2-b744e865 [none]
[debug] [2026-08-17T23:23:56.836Z] <<< [apiv2][status] GET https://cloudfunctions.googleapis.com/v2/projects/alpha-7fce5/locations/australia-southeast1/operations/operation-1787009028808-65946765f5f62-676830f2-b744e865 200
[debug] [2026-08-17T23:23:56.836Z] <<< [apiv2][body] GET https://cloudfunctions.googleapis.com/v2/projects/alpha-7fce5/locations/australia-southeast1/operations/operation-1787009028808-65946765f5f62-676830f2-b744e865 {"name":"projects/alpha-7fce5/locations/australia-southeast1/operations/operation-1787009028808-65946765f5f62-676830f2-b744e865","metadata":{"@type":"type.googleapis.com/google.cloud.functions.v2.OperationMetadata","createTime":"2026-08-17T23:23:50.410184674Z","target":"projects/alpha-7fce5/locations/australia-southeast1/functions/tgpDailyAutomation","verb":"update","cancelRequested":false,"apiVersion":"v2","requestResource":{"@type":"type.googleapis.com/google.cloud.functions.v2.Function","name":"projects/alpha-7fce5/locations/australia-southeast1/functions/tgpDailyAutomation","buildConfig":{"runtime":"nodejs24","entryPoint":"tgpDailyAutomation","source":{"storageSource":{"bucket":"gcf-v2-sources-10647816245-australia-southeast1","object":"tgpDailyAutomation/function-source.zip","generation":"1787009030362236"}},"environmentVariables":{"GOOGLE_NODE_RUN_SCRIPTS":""},"dockerRepository":"projects/alpha-7fce5/locations/australia-southeast1/repositories/gcf-artifacts","sourceProvenance":{"resolvedStorageSource":{"bucket":"gcf-v2-sources-10647816245-australia-southeast1","object":"tgpDailyAutomation/function-source.zip","generation":"1787002769151671"}},"dockerRegistry":"ARTIFACT_REGISTRY","serviceAccount":"projects/alpha-7fce5/serviceAccounts/10647816245-compute@developer.gserviceaccount.com","automaticUpdatePolicy":{}},"serviceConfig":{"service":"projects/alpha-7fce5/locations/australia-southeast1/services/tgpdailyautomation","timeoutSeconds":60,"environmentVariables":{"FIREBASE_CONFIG":"{\"projectId\":\"alpha-7fce5\",\"storageBucket\":\"alpha-7fce5.firebasestorage.app\"}","GCLOUD_PROJECT":"alpha-7fce5","EVENTARC_CLOUD_EVENT_SOURCE":"projects/alpha-7fce5/locations/australia-southeast1/services/tgpDailyAutomation","FUNCTION_REGION":"australia-southeast1","FUNCTION_TARGET":"tgpDailyAutomation","LOG_EXECUTION_ID":"true"},"ingressSettings":"ALLOW_ALL","uri":"https://tgpdailyautomation-oezvkt72ma-ts.a.run.app","serviceAccountEmail":"10647816245-compute@developer.gserviceaccount.com","availableMemory":"256Mi","allTrafficOnLatestRevision":true,"revision":"tgpdailyautomation-00003-zom","maxInstanceRequestConcurrency":80,"availableCpu":"1"},"state":"ACTIVE","labels":{"deployment-tool":"cli-firebase","deployment-scheduled":"true","firebase-functions-hash":"3396a61a5993c79059c242987af205af61deb639"},"environment":"GEN_2","url":"https://australia-southeast1-alpha-7fce5.cloudfunctions.net/tgpDailyAutomation","satisfiesPzs":true,"satisfiesPzi":true},"stages":[{"name":"BUILD","message":"Build in progress","state":"IN_PROGRESS","resource":"projects/10647816245/locations/australia-southeast1/builds/4eb2d6cc-aaf5-40f0-bee0-97d16b29cc5a","resourceUri":"https://console.cloud.google.com/cloud-build/builds;region=australia-southeast1/4eb2d6cc-aaf5-40f0-bee0-97d16b29cc5a?project=10647816245"},{"name":"SERVICE","state":"NOT_STARTED"}],"operationType":"UPDATE_FUNCTION","buildName":"projects/10647816245/locations/australia-southeast1/builds/4eb2d6cc-aaf5-40f0-bee0-97d16b29cc5a"},"done":false}
